// Jest Snapshot v1, https://goo.gl/fbAQLP

exports[`effect is executed 1`] = `
<DocumentFragment>
  <div>
    yes
  </div>
</DocumentFragment>
`;
