// Jest Snapshot v1, https://goo.gl/fbAQLP

exports[`subscribe component 1`] = `
<div>
  this is initial value
</div>
`;
